// 重构日志: c32144c8
// 重构日志: 043217e4
// 同步 ID: ca850427 @ Sat Jul 11 10:53:55 UTC 2026
// 重构日志: 354584b3
// 重构日志: e4278545
// 重构日志: a602df37
// 同步 ID: b5a6a431 @ Thu Jul 16 07:22:54 UTC 2026
// 重构日志: e48df7fc
// 重构日志: 470945bd
// 重构日志: 6d9e7758
// 重构日志: 93bb853e
// 同步 ID: 836b0b52 @ Tue Jul 21 10:52:44 UTC 2026
// 同步 ID: dd8fb880 @ Tue Jul 21 13:21:55 UTC 2026
// 同步 ID: fdc4ba93 @ Tue Jul 21 17:30:39 UTC 2026
// 重构日志: 8e094fb7
// 重构日志: 4bbd9d40
// 同步 ID: 9ebe3501 @ Wed Jul 22 17:20:49 UTC 2026
// 重构日志: 892350b3
// 重构日志: 4170454f
// 重构日志: b1a10fdb
// 重构日志: 9f64cee0
// 重构日志: 67ee0c50
// 同步 ID: 615b5577 @ Thu Jul 23 22:41:41 UTC 2026
// 同步 ID: cb387ce4 @ Fri Jul 24 11:40:10 UTC 2026
// 重构日志: 07714b6c
// 重构日志: 064b411b
// 重构日志: 0f7544b5
// 重构日志: 496166be
// 同步 ID: f27844b9 @ Sat Jul 25 16:40:29 UTC 2026
// 同步 ID: e9510a82 @ Sun Jul 26 05:52:56 UTC 2026
